Modules already present in modules/ directory
as              --64  modules/microkernel/arch/x86/boot/boot.s -o build/obj/modules/microkernel/arch/x86/boot/boot.o
as              --64  modules/microkernel/arch/x86/cpu/gdt.s -o build/obj/modules/microkernel/arch/x86/cpu/gdt.o
modules/microkernel/arch/x86/cpu/gdt.s: Assembler messages:
modules/microkernel/arch/x86/cpu/gdt.s:37: Warning: mnemonic suffix used with `lret'
modules/microkernel/arch/x86/cpu/gdt.s:37: Warning: NOTE: Such forms are deprecated and will be rejected by a future version of the assembler
as              --64  modules/microkernel/arch/x86/cpu/idt_loader.s -o build/obj/modules/microkernel/arch/x86/cpu/idt_loader.o
as              --64  modules/microkernel/arch/x86/cpu/ports.s -o build/obj/modules/microkernel/arch/x86/cpu/ports.o
as              --64  modules/microkernel/kernel/utils/debug_asm.s -o build/obj/modules/microkernel/kernel/utils/debug_asm.o
as              --64  modules/microkernel/arch/x86/cpu/interrupts_asm.s -o build/obj/modules/microkernel/arch/x86/cpu/interrupts_asm.o
as              --64  modules/microkernel/arch/x86/cpu/keyboard_handler_asm.s -o build/obj/modules/microkernel/arch/x86/cpu/keyboard_handler_asm.o
as              --64  modules/microkernel/arch/x86/cpu/tss.s -o build/obj/modules/microkernel/arch/x86/cpu/tss.o
as              --64  modules/microkernel/arch/x86/interrupt_stubs.s -o build/obj/modules/microkernel/arch/x86/interrupt_stubs.o
as              --64  modules/microkernel/arch/x86/cpu/thread_switch.s -o build/obj/modules/microkernel/arch/x86/cpu/thread_switch.o
ldc2            -betterC -O1 -g -boundscheck=off -output-o -mtriple=x86_64-unknown-elf -mcpu=x86-64  -I. -Imodules/microkernel -Imodules/microkernel/kernel/include -Imodules/hypervisor -Imodules/object-tree -c modules/microkernel/kernel/arch_interface/gdt.d -of=build/obj/modules/microkernel/kernel/arch_interface/gdt.o
GdtPtr.sizeof = 10LU
ldc2            -betterC -O1 -g -boundscheck=off -output-o -mtriple=x86_64-unknown-elf -mcpu=x86-64  -I. -Imodules/microkernel -Imodules/microkernel/kernel/include -Imodules/hypervisor -Imodules/object-tree -c modules/microkernel/kernel/arch_interface/idt.d -of=build/obj/modules/microkernel/kernel/arch_interface/idt.o
GdtPtr.sizeof = 10LU
IDTPtr.sizeof = 10LU
ldc2            -betterC -O1 -g -boundscheck=off -output-o -mtriple=x86_64-unknown-elf -mcpu=x86-64  -I. -Imodules/microkernel -Imodules/microkernel/kernel/include -Imodules/hypervisor -Imodules/object-tree -c modules/microkernel/kernel/arch_interface/ports.d -of=build/obj/modules/microkernel/kernel/arch_interface/ports.o
ldc2            -betterC -O1 -g -boundscheck=off -output-o -mtriple=x86_64-unknown-elf -mcpu=x86-64  -I. -Imodules/microkernel -Imodules/microkernel/kernel/include -Imodules/hypervisor -Imodules/object-tree -c modules/microkernel/kernel/core/init_stubs.d -of=build/obj/modules/microkernel/kernel/core/init_stubs.o
ldc2            -betterC -O1 -g -boundscheck=off -output-o -mtriple=x86_64-unknown-elf -mcpu=x86-64  -I. -Imodules/microkernel -Imodules/microkernel/kernel/include -Imodules/hypervisor -Imodules/object-tree -c modules/microkernel/kernel/core/main.d -of=build/obj/modules/microkernel/kernel/core/main.o
GdtPtr.sizeof = 10LU
IDTPtr.sizeof = 10LU
ldc2            -betterC -O1 -g -boundscheck=off -output-o -mtriple=x86_64-unknown-elf -mcpu=x86-64  -I. -Imodules/microkernel -Imodules/microkernel/kernel/include -Imodules/hypervisor -Imodules/object-tree -c modules/microkernel/kernel/device/pic.d -of=build/obj/modules/microkernel/kernel/device/pic.o
ldc2            -betterC -O1 -g -boundscheck=off -output-o -mtriple=x86_64-unknown-elf -mcpu=x86-64  -I. -Imodules/microkernel -Imodules/microkernel/kernel/include -Imodules/hypervisor -Imodules/object-tree -c modules/microkernel/kernel/device/vga.d -of=build/obj/modules/microkernel/kernel/device/vga.o
ldc2            -betterC -O1 -g -boundscheck=off -output-o -mtriple=x86_64-unknown-elf -mcpu=x86-64  -I. -Imodules/microkernel -Imodules/microkernel/kernel/include -Imodules/hypervisor -Imodules/object-tree -c modules/microkernel/kernel/hardware/network.d -of=build/obj/modules/microkernel/kernel/hardware/network.o
ldc2            -betterC -O1 -g -boundscheck=off -output-o -mtriple=x86_64-unknown-elf -mcpu=x86-64  -I. -Imodules/microkernel -Imodules/microkernel/kernel/include -Imodules/hypervisor -Imodules/object-tree -c modules/microkernel/kernel/memory/virtmem.d -of=build/obj/modules/microkernel/kernel/memory/virtmem.o
ldc2            -betterC -O1 -g -boundscheck=off -output-o -mtriple=x86_64-unknown-elf -mcpu=x86-64  -I. -Imodules/microkernel -Imodules/microkernel/kernel/include -Imodules/hypervisor -Imodules/object-tree -c modules/microkernel/kernel/net/arp.d -of=build/obj/modules/microkernel/kernel/net/arp.o
ldc2            -betterC -O1 -g -boundscheck=off -output-o -mtriple=x86_64-unknown-elf -mcpu=x86-64  -I. -Imodules/microkernel -Imodules/microkernel/kernel/include -Imodules/hypervisor -Imodules/object-tree -c modules/microkernel/kernel/net/checksum.d -of=build/obj/modules/microkernel/kernel/net/checksum.o
ldc2            -betterC -O1 -g -boundscheck=off -output-o -mtriple=x86_64-unknown-elf -mcpu=x86-64  -I. -Imodules/microkernel -Imodules/microkernel/kernel/include -Imodules/hypervisor -Imodules/object-tree -c modules/microkernel/kernel/net/common.d -of=build/obj/modules/microkernel/kernel/net/common.o
ldc2            -betterC -O1 -g -boundscheck=off -output-o -mtriple=x86_64-unknown-elf -mcpu=x86-64  -I. -Imodules/microkernel -Imodules/microkernel/kernel/include -Imodules/hypervisor -Imodules/object-tree -c modules/microkernel/kernel/net/ethernet.d -of=build/obj/modules/microkernel/kernel/net/ethernet.o
ldc2            -betterC -O1 -g -boundscheck=off -output-o -mtriple=x86_64-unknown-elf -mcpu=x86-64  -I. -Imodules/microkernel -Imodules/microkernel/kernel/include -Imodules/hypervisor -Imodules/object-tree -c modules/microkernel/kernel/net/ip.d -of=build/obj/modules/microkernel/kernel/net/ip.o
ldc2            -betterC -O1 -g -boundscheck=off -output-o -mtriple=x86_64-unknown-elf -mcpu=x86-64  -I. -Imodules/microkernel -Imodules/microkernel/kernel/include -Imodules/hypervisor -Imodules/object-tree -c modules/microkernel/kernel/net/stack.d -of=build/obj/modules/microkernel/kernel/net/stack.o
ldc2            -betterC -O1 -g -boundscheck=off -output-o -mtriple=x86_64-unknown-elf -mcpu=x86-64  -I. -Imodules/microkernel -Imodules/microkernel/kernel/include -Imodules/hypervisor -Imodules/object-tree -c modules/microkernel/kernel/net/udp.d -of=build/obj/modules/microkernel/kernel/net/udp.o
ldc2            -betterC -O1 -g -boundscheck=off -output-o -mtriple=x86_64-unknown-elf -mcpu=x86-64  -I. -Imodules/microkernel -Imodules/microkernel/kernel/include -Imodules/hypervisor -Imodules/object-tree -c modules/microkernel/kernel/include/kernel/io.d -of=build/obj/modules/microkernel/kernel/include/kernel/io.o
ldc2            -betterC -O1 -g -boundscheck=off -output-o -mtriple=x86_64-unknown-elf -mcpu=x86-64  -I. -Imodules/microkernel -Imodules/microkernel/kernel/include -Imodules/hypervisor -Imodules/object-tree -c modules/microkernel/kernel/include/kernel/panic.d -of=build/obj/modules/microkernel/kernel/include/kernel/panic.o
ldc2            -betterC -O1 -g -boundscheck=off -output-o -mtriple=x86_64-unknown-elf -mcpu=x86-64  -I. -Imodules/microkernel -Imodules/microkernel/kernel/include -Imodules/hypervisor -Imodules/object-tree -c modules/microkernel/kernel/include/kernel/types.d -of=build/obj/modules/microkernel/kernel/include/kernel/types.o
ldc2            -betterC -O1 -g -boundscheck=off -output-o -mtriple=x86_64-unknown-elf -mcpu=x86-64  -I. -Imodules/microkernel -Imodules/microkernel/kernel/include -Imodules/hypervisor -Imodules/object-tree -c modules/microkernel/kernel/lib/stdc/config.d -of=build/obj/modules/microkernel/kernel/lib/stdc/config.o
ldc2            -betterC -O1 -g -boundscheck=off -output-o -mtriple=x86_64-unknown-elf -mcpu=x86-64  -I. -Imodules/microkernel -Imodules/microkernel/kernel/include -Imodules/hypervisor -Imodules/object-tree -c modules/microkernel/kernel/lib/stdc/stdint.d -of=build/obj/modules/microkernel/kernel/lib/stdc/stdint.o
ldc2            -betterC -O1 -g -boundscheck=off -output-o -mtriple=x86_64-unknown-elf -mcpu=x86-64  -I. -Imodules/microkernel -Imodules/microkernel/kernel/include -Imodules/hypervisor -Imodules/object-tree -c modules/microkernel/kernel/lib/stdc/stdio.d -of=build/obj/modules/microkernel/kernel/lib/stdc/stdio.o
ldc2            -betterC -O1 -g -boundscheck=off -output-o -mtriple=x86_64-unknown-elf -mcpu=x86-64  -I. -Imodules/microkernel -Imodules/microkernel/kernel/include -Imodules/hypervisor -Imodules/object-tree -c modules/microkernel/kernel/lib/stdc/stdlib.d -of=build/obj/modules/microkernel/kernel/lib/stdc/stdlib.o
ldc2            -betterC -O1 -g -boundscheck=off -output-o -mtriple=x86_64-unknown-elf -mcpu=x86-64  -I. -Imodules/microkernel -Imodules/microkernel/kernel/include -Imodules/hypervisor -Imodules/object-tree -c modules/microkernel/kernel/lib/stdc/time.d -of=build/obj/modules/microkernel/kernel/lib/stdc/time.o
ldc2            -betterC -O1 -g -boundscheck=off -output-o -mtriple=x86_64-unknown-elf -mcpu=x86-64  -I. -Imodules/microkernel -Imodules/microkernel/kernel/include -Imodules/hypervisor -Imodules/object-tree -c modules/microkernel/kernel/lib/stdc/wchar_.d -of=build/obj/modules/microkernel/kernel/lib/stdc/wchar_.o
ldc2            -betterC -O1 -g -boundscheck=off -output-o -mtriple=x86_64-unknown-elf -mcpu=x86-64  -I. -Imodules/microkernel -Imodules/microkernel/kernel/include -Imodules/hypervisor -Imodules/object-tree -c modules/microkernel/kernel/fs.d -of=build/obj/modules/microkernel/kernel/fs.o
ldc2            -betterC -O1 -g -boundscheck=off -output-o -mtriple=x86_64-unknown-elf -mcpu=x86-64  -I. -Imodules/microkernel -Imodules/microkernel/kernel/include -Imodules/hypervisor -Imodules/object-tree -c modules/microkernel/kernel/container_service.d -of=build/obj/modules/microkernel/kernel/container_service.o
ldc2            -betterC -O1 -g -boundscheck=off -output-o -mtriple=x86_64-unknown-elf -mcpu=x86-64  -I. -Imodules/microkernel -Imodules/microkernel/kernel/include -Imodules/hypervisor -Imodules/object-tree -c modules/microkernel/kernel/elf_loader.d -of=build/obj/modules/microkernel/kernel/elf_loader.o
ldc2            -betterC -O1 -g -boundscheck=off -output-o -mtriple=x86_64-unknown-elf -mcpu=x86-64  -I. -Imodules/microkernel -Imodules/microkernel/kernel/include -Imodules/hypervisor -Imodules/object-tree -c modules/microkernel/kernel/embedded_shell.d -of=build/obj/modules/microkernel/kernel/embedded_shell.o
ldc2            -betterC -O1 -g -boundscheck=off -output-o -mtriple=x86_64-unknown-elf -mcpu=x86-64  -I. -Imodules/microkernel -Imodules/microkernel/kernel/include -Imodules/hypervisor -Imodules/object-tree -c modules/microkernel/kernel/interrupts.d -of=build/obj/modules/microkernel/kernel/interrupts.o
ldc2            -betterC -O1 -g -boundscheck=off -output-o -mtriple=x86_64-unknown-elf -mcpu=x86-64  -I. -Imodules/microkernel -Imodules/microkernel/kernel/include -Imodules/hypervisor -Imodules/object-tree -c modules/microkernel/kernel/keyboard.d -of=build/obj/modules/microkernel/kernel/keyboard.o
ldc2            -betterC -O1 -g -boundscheck=off -output-o -mtriple=x86_64-unknown-elf -mcpu=x86-64  -I. -Imodules/microkernel -Imodules/microkernel/kernel/include -Imodules/hypervisor -Imodules/object-tree -c modules/microkernel/kernel/logger.d -of=build/obj/modules/microkernel/kernel/logger.o
ldc2            -betterC -O1 -g -boundscheck=off -output-o -mtriple=x86_64-unknown-elf -mcpu=x86-64  -I. -Imodules/microkernel -Imodules/microkernel/kernel/include -Imodules/hypervisor -Imodules/object-tree -c modules/microkernel/kernel/login.d -of=build/obj/modules/microkernel/kernel/login.o
ldc2            -betterC -O1 -g -boundscheck=off -output-o -mtriple=x86_64-unknown-elf -mcpu=x86-64  -I. -Imodules/microkernel -Imodules/microkernel/kernel/include -Imodules/hypervisor -Imodules/object-tree -c modules/microkernel/kernel/process_manager.d -of=build/obj/modules/microkernel/kernel/process_manager.o
ldc2            -betterC -O1 -g -boundscheck=off -output-o -mtriple=x86_64-unknown-elf -mcpu=x86-64  -I. -Imodules/microkernel -Imodules/microkernel/kernel/include -Imodules/hypervisor -Imodules/object-tree -c modules/microkernel/kernel/sanity.d -of=build/obj/modules/microkernel/kernel/sanity.o
ldc2            -betterC -O1 -g -boundscheck=off -output-o -mtriple=x86_64-unknown-elf -mcpu=x86-64  -I. -Imodules/microkernel -Imodules/microkernel/kernel/include -Imodules/hypervisor -Imodules/object-tree -c modules/microkernel/kernel/serial.d -of=build/obj/modules/microkernel/kernel/serial.o
ldc2            -betterC -O1 -g -boundscheck=off -output-o -mtriple=x86_64-unknown-elf -mcpu=x86-64  -I. -Imodules/microkernel -Imodules/microkernel/kernel/include -Imodules/hypervisor -Imodules/object-tree -c modules/microkernel/kernel/shell.d -of=build/obj/modules/microkernel/kernel/shell.o
ldc2            -betterC -O1 -g -boundscheck=off -output-o -mtriple=x86_64-unknown-elf -mcpu=x86-64  -I. -Imodules/microkernel -Imodules/microkernel/kernel/include -Imodules/hypervisor -Imodules/object-tree -c modules/microkernel/kernel/sync.d -of=build/obj/modules/microkernel/kernel/sync.o
ldc2            -betterC -O1 -g -boundscheck=off -output-o -mtriple=x86_64-unknown-elf -mcpu=x86-64  -I. -Imodules/microkernel -Imodules/microkernel/kernel/include -Imodules/hypervisor -Imodules/object-tree -c modules/microkernel/kernel/syscall.d -of=build/obj/modules/microkernel/kernel/syscall.o
ldc2            -betterC -O1 -g -boundscheck=off -output-o -mtriple=x86_64-unknown-elf -mcpu=x86-64  -I. -Imodules/microkernel -Imodules/microkernel/kernel/include -Imodules/hypervisor -Imodules/object-tree -c modules/microkernel/kernel/terminal.d -of=build/obj/modules/microkernel/kernel/terminal.o
ldc2            -betterC -O1 -g -boundscheck=off -output-o -mtriple=x86_64-unknown-elf -mcpu=x86-64  -I. -Imodules/microkernel -Imodules/microkernel/kernel/include -Imodules/hypervisor -Imodules/object-tree -c modules/microkernel/kernel/thread.d -of=build/obj/modules/microkernel/kernel/thread.o
ldc2            -betterC -O1 -g -boundscheck=off -output-o -mtriple=x86_64-unknown-elf -mcpu=x86-64  -I. -Imodules/microkernel -Imodules/microkernel/kernel/include -Imodules/hypervisor -Imodules/object-tree -c modules/microkernel/kernel/user_manager.d -of=build/obj/modules/microkernel/kernel/user_manager.o
ldc2            -betterC -O1 -g -boundscheck=off -output-o -mtriple=x86_64-unknown-elf -mcpu=x86-64  -I. -Imodules/microkernel -Imodules/microkernel/kernel/include -Imodules/hypervisor -Imodules/object-tree -c modules/hypervisor/kernel/hypervisor.d -of=build/obj/modules/hypervisor/kernel/hypervisor.o
ldc2            -betterC -O1 -g -boundscheck=off -output-o -mtriple=x86_64-unknown-elf -mcpu=x86-64  -I. -Imodules/microkernel -Imodules/microkernel/kernel/include -Imodules/hypervisor -Imodules/object-tree -c modules/object-tree/kernel/object_namespace.d -of=build/obj/modules/object-tree/kernel/object_namespace.o
ldc2            -betterC -O1 -g -boundscheck=off -output-o -mtriple=x86_64-unknown-elf -mcpu=x86-64  -I. -Imodules/microkernel -Imodules/microkernel/kernel/include -Imodules/hypervisor -Imodules/object-tree -c modules/object-tree/kernel/object_validator.d -of=build/obj/modules/object-tree/kernel/object_validator.o
ldc2            -betterC -O1 -g -boundscheck=off -output-o -mtriple=x86_64-unknown-elf -mcpu=x86-64  -I. -Imodules/microkernel -Imodules/microkernel/kernel/include -Imodules/hypervisor -Imodules/object-tree -c modules/microkernel/kernel/utils/ansi_art.d -of=build/obj/modules/microkernel/kernel/utils/ansi_art.o
make: Circular build <- build/anonymOS.iso dependency dropped.
mkdir -p build
mkdir -p build
# Removed -lgcc as it's specific to GCC. LDC2/LLD should handle necessary runtime bits or emit self-contained code.
ld.lld          -nostdlib -no-pie  -T modules/microkernel/arch/x86/linker.ld -o build/kernel.bin build/obj/modules/microkernel/arch/x86/boot/boot.o build/obj/modules/microkernel/arch/x86/cpu/gdt.o build/obj/modules/microkernel/arch/x86/cpu/idt_loader.o build/obj/modules/microkernel/arch/x86/cpu/ports.o build/obj/modules/microkernel/kernel/utils/debug_asm.o build/obj/modules/microkernel/arch/x86/cpu/interrupts_asm.o build/obj/modules/microkernel/arch/x86/cpu/keyboard_handler_asm.o build/obj/modules/microkernel/arch/x86/cpu/tss.o build/obj/modules/microkernel/arch/x86/interrupt_stubs.o build/obj/modules/microkernel/arch/x86/cpu/thread_switch.o build/obj/modules/microkernel/kernel/arch_interface/gdt.o build/obj/modules/microkernel/kernel/arch_interface/idt.o build/obj/modules/microkernel/kernel/arch_interface/ports.o build/obj/modules/microkernel/kernel/core/init_stubs.o build/obj/modules/microkernel/kernel/core/main.o build/obj/modules/microkernel/kernel/device/pic.o build/obj/modules/microkernel/kernel/device/vga.o build/obj/modules/microkernel/kernel/hardware/network.o build/obj/modules/microkernel/kernel/memory/virtmem.o build/obj/modules/microkernel/kernel/net/arp.o build/obj/modules/microkernel/kernel/net/checksum.o build/obj/modules/microkernel/kernel/net/common.o build/obj/modules/microkernel/kernel/net/ethernet.o build/obj/modules/microkernel/kernel/net/ip.o build/obj/modules/microkernel/kernel/net/stack.o build/obj/modules/microkernel/kernel/net/udp.o build/obj/modules/microkernel/kernel/include/kernel/io.o build/obj/modules/microkernel/kernel/include/kernel/panic.o build/obj/modules/microkernel/kernel/include/kernel/types.o build/obj/modules/microkernel/kernel/lib/stdc/config.o build/obj/modules/microkernel/kernel/lib/stdc/stdint.o build/obj/modules/microkernel/kernel/lib/stdc/stdio.o build/obj/modules/microkernel/kernel/lib/stdc/stdlib.o build/obj/modules/microkernel/kernel/lib/stdc/time.o build/obj/modules/microkernel/kernel/lib/stdc/wchar_.o build/obj/modules/microkernel/kernel/fs.o build/obj/modules/microkernel/kernel/container_service.o build/obj/modules/microkernel/kernel/elf_loader.o build/obj/modules/microkernel/kernel/embedded_shell.o build/obj/modules/microkernel/kernel/interrupts.o build/obj/modules/microkernel/kernel/keyboard.o build/obj/modules/microkernel/kernel/logger.o build/obj/modules/microkernel/kernel/login.o build/obj/modules/microkernel/kernel/process_manager.o build/obj/modules/microkernel/kernel/sanity.o build/obj/modules/microkernel/kernel/serial.o build/obj/modules/microkernel/kernel/shell.o build/obj/modules/microkernel/kernel/sync.o build/obj/modules/microkernel/kernel/syscall.o build/obj/modules/microkernel/kernel/terminal.o build/obj/modules/microkernel/kernel/thread.o build/obj/modules/microkernel/kernel/user_manager.o build/obj/modules/hypervisor/kernel/hypervisor.o build/obj/modules/object-tree/kernel/object_namespace.o build/obj/modules/object-tree/kernel/object_validator.o build/obj/modules/microkernel/kernel/utils/ansi_art.o
./scripts/build_dmd.sh
Updating dmd sources...
Already up to date.
make[1]: Entering directory '/home/ubuntu/Code/internetcomputer_backup/third_party/dmd'
generated/build dmd
Success
make -C druntime
make[2]: Entering directory '/home/ubuntu/Code/internetcomputer_backup/third_party/dmd/druntime'
make[2]: Nothing to be done for 'target'.
make[2]: Leaving directory '/home/ubuntu/Code/internetcomputer_backup/third_party/dmd/druntime'
make[1]: Leaving directory '/home/ubuntu/Code/internetcomputer_backup/third_party/dmd'
DMD built and copied to /home/ubuntu/Code/internetcomputer_backup/build/bin/dmd
./scripts/fetch_dmd.sh
Updating DMD repository...
From https://github.com/dlang/dmd
 * branch            master     -> FETCH_HEAD
HEAD is now at 285feee Merge pull request #21486 from rainers/merge_stable
./scripts/fetch_shell.sh
Updating shell repository...
From https://github.com/Jonathan-R-Anderson/-sh
 * branch            main       -> FETCH_HEAD
HEAD is now at b79230f Merge pull request #143 from Jonathan-R-Anderson/codex/refactor-project-to-use-full-compiler
>>> Building shell binary...
mkdir -p build/bin
# Use the shell's full build script instead of betterC
cd third_party/sh && ./build_full.sh
Compiling modules: src/awk.d src/base32.d src/base64.d src/bc.d src/cal.d src/chkconfig.d src/cksum.d src/cmp.d src/comm.d src/cpio.d src/cron.d src/crontab.d src/csplit.d src/cut.d src/date.d src/dc.d src/dd.d src/ddrescue.d src/df.d src/diff3.d src/diff.d src/dircolors.d src/dir.d src/dirname.d src/dlexer.d src/dmesg.d src/dos2unix.d src/dparser.d src/du.d src/egrep.d src/eject.d src/example.d src/expand.d src/expr.d src/false.d src/fdformat.d src/fdisk.d src/fgrep.d src/file.d src/find.d src/fmt.d src/fold.d src/fsck.d src/fuser.d src/getfacl.d src/getopts.d src/groupadd.d src/groupdel.d src/groupmod.d src/groups.d src/gzip.d src/iconv.d src/id.d src/ifcmd.d src/ifconfig.d src/ifdown.d src/ifup.d src/importcmd.d src/install.d src/interpreter.d src/iostat.d src/ip.d src/join.d src/killall.d src/kill.d src/klist.d src/less.d src/letcmd.d src/lfe.d src/lferepl.d src/linkcmd.d src/ln.d src/local.d src/locate.d src/login.d src/logname.d src/logout.d src/look.d src/lsblk.d src/ls.d src/lsof.d src/md5sum.d src/objectsystem.d
mstd/file.d(11): Error: module `core.sys.posix.sys.stat` import `rmdir` not found, did you mean function `core.sys.posix.sys.stat.mkdir`?
mstd/string.d(3): Error: module `core.stdc.string` import `strcasecmp` not found
src/dlexer.d(16): Error: template instance `Regex!char` `Regex` is not a template declaration, it is a alias
src/interpreter.d(7): Error: module `mstd.file` import `mkdir` not found, did you mean alias `mstd.file.chdir`?
src/interpreter.d(7): Error: module `mstd.file` import `rmdir` not found, did you mean alias `mstd.file.chdir`?
src/ls.d(6): Error: module `mstd.string` import `format` not found
src/lferepl.d(15): Error: module `cpio` import `createArchive` not found
src/lferepl.d(371): Error: cannot use array to initialize `immutable(_error_)`
mstd/stdio.d(7): Error: static variable `stdin` cannot be read at compile time
mstd/stdio.d(8): Error: static variable `stdout` cannot be read at compile time
mstd/stdio.d(9): Error: static variable `stderr` cannot be read at compile time
make: *** [Makefile:207: build/bin/sh] Error 1
